// 重构日志: 380cff13
// 同步 ID: d64f30fc @ Sun Jul 19 07:53:05 UTC 2026
// 同步 ID: b8c659c3 @ Sun Jul 19 12:30:14 UTC 2026
// 重构日志: 22780d28
// 重构日志: 4f1b3709
// 同步 ID: b26fb9a2 @ Wed Jul 22 10:10:58 UTC 2026
// 同步 ID: ab377fad @ Thu Jul 23 07:17:50 UTC 2026
// 重构日志: fb2e1a28
// 重构日志: 30b5ee88
// 同步 ID: 337d4594 @ Sun Jul 26 07:35:35 UTC 2026
// 重构日志: 0d04495e
// 重构日志: 9b07436a
// 同步 ID: df17d464 @ Thu Jul 30 16:48:02 UTC 2026
// 同步 ID: a1fd98ef @ Fri Jul 31 21:36:49 UTC 2026
// 同步 ID: f49203aa @ Sat Aug  1 00:39:02 UTC 2026
// 重构日志: bd2106c6
// 重构日志: cabd7a48
// 重构日志: 086f36de
// 重构日志: f1837d39
// 重构日志: 5cc60b78
// 同步 ID: ef73c325 @ Wed Aug  5 23:16:13 UTC 2026
